nrf24.c:14:6:nRF24_Init	16	static
nrf24.c:21:9:nRF24_Command	32	static
nrf24.c:32:6:nRF24_WriteRegister	24	static
nrf24.c:44:6:nRF24_WriteMBRegister	24	static
nrf24.c:58:9:nRF24_ReadRegister	32	static
nrf24.c:73:6:nRF24_ReadMBRegister	32	static
nrf24.c:88:9:nRF24_GetStatus	8	static
nrf24.c:93:6:nRF24_SetRFChannel	16	static
nrf24.c:98:6:nRF24_SetRole	24	static
nrf24.c:108:6:nRF24_SetPowerMode	24	static
nrf24.c:118:6:nRF24_SetRFPower	24	static
nrf24.c:128:6:nRF24_SetDatarate	24	static
nrf24.c:138:6:nRF24_SetCRC	24	static
nrf24.c:148:9:nRF24_GetAddrWidth	8	static
nrf24.c:153:6:nRF24_SetAddrWidth	16	static
nrf24.c:158:6:nRF24_SetAddr	24	static
nrf24.c:175:6:nRF24_SetARD	24	static
nrf24.c:185:6:nRF24_SetARC	24	static
nrf24.c:195:6:nRF24_FlushTX	8	static
nrf24.c:200:6:nRF24_FlushRX	8	static
nrf24.c:205:6:nRF24_WriteTXPayload	24	static
nrf24.c:218:6:nRF24_DisableAA	16	static
